// Jest Snapshot v1, https://goo.gl/fbAQLP

exports[`renders as before 1`] = `
<div
  className="App container"
>
  <div
    className="row"
  >
    <div
      className="col-md-4"
    >
      <div>
        <h3>
          Player statistics:
        </h3>
        <ul>
          <li>
            Health:
             
            <div
              className="progress"
            >
              <div
                aria-valuemax={100}
                aria-valuemin={0}
                aria-valuenow={100}
                className="progress-bar progress-bar-danger"
                role="progressbar"
                style={
                  Object {
                    "width": "100%",
                  }
                }
              >
                100/100
              </div>
            </div>
          </li>
          <li>
            Cash: 
            <span
              className="badge"
            >
              10
            </span>
          </li>
        </ul>
        <div
          className="fade alert alert-danger"
          role="alert"
        >
          
        </div>
      </div>
    </div>
    <div
      className="col-md-4"
    >
      <div>
        <h3>
          Actions:
        </h3>
        <div>
          <button
            className="btn btn-default"
            disabled={false}
            onClick={[Function]}
            type="button"
          >
            Fight!
          </button>
        </div>
      </div>
    </div>
    <div
      className="col-md-4"
    >
      <div>
        <h3>
          Game log:
        </h3>
        <ul
          className="list-group"
        />
      </div>
    </div>
  </div>
</div>
`;
